// Jest Snapshot v1, https://goo.gl/fbAQLP

exports[`MenuIcon renders component 1`] = `
<button
  className="ml-2 md:hidden text-white"
  onClick={[MockFunction]}
>
  <svg
    className="w-6 h-6"
    fill="currentColor"
    viewBox="0 0 20 20"
    xmlns="http://www.w3.org/2000/svg"
  >
    <path
      d="M3 4h14a1 1 0 0 1 0 2H3a1 1 0 0 1 0-2zm0 5h14a1 1 0 0 1 0 2H3a1 1 0 0 1 0-2zm0 5h14a1 1 0 0 1 0 2H3a1 1 0 0 1 0-2z"
      fillRule="evenodd"
    />
  </svg>
</button>
`;
