// Jest Snapshot v1, https://goo.gl/fbAQLP

exports[`MovieHeading renders component 1`] = `
<div
  className="mt-6"
>
  <h1
    className="text-4xl font-bold"
  >
    Movie Title
  </h1>
  <p
    className="text-gray-400 italic"
  >
    Tagline
  </p>
  <p
    className="mt-4 text-lg"
  >
    Description
  </p>
</div>
`;
